{"level":"info","time":"2026-09-25T17:41:10Z","message":"Thank you for trying Cloudflare Tunnel. Doing so, without a Cloudflare account, is a quick way to experiment and try it out. However, be aware that these account-less Tunnels have no uptime guarantee, are subject to the Cloudflare Online Services Terms of Use (https://www.cloudflare.com/website-terms/), and Cloudflare reserves the right to investigate your use of Tunnels for violations of such terms. If you intend to use Tunnels in production you should use a pre-created named tunnel by following: https://developers.cloudflare.com/cloudflare-one/connections/connect-apps"}
{"level":"info","time":"2026-09-25T17:41:10Z","message":"Requesting new quick Tunnel on trycloudflare.com..."}
{"level":"info","time":"2026-09-25T17:41:17Z","message":"+--------------------------------------------------------------------------------------------+"}
{"level":"info","time":"2026-09-25T17:41:17Z","message":"|  Your quick Tunnel has been created! Visit it at (it may take some time to be reachable):  |"}
{"level":"info","time":"2026-09-25T17:41:17Z","message":"|  https://cocktail-flashers-acne-cards.trycloudflare.com                                    |"}
{"level":"info","time":"2026-09-25T17:41:17Z","message":"+--------------------------------------------------------------------------------------------+"}
{"level":"info","time":"2026-09-25T17:41:17Z","message":"Cannot determine default configuration path. No file [config.yml config.yaml] in [~/.cloudflared ~/.cloudflare-warp ~/cloudflare-warp]"}
{"level":"info","time":"2026-09-25T17:41:17Z","message":"Version 2026.9.3 (Checksum f096265ec2fcbe9bb6e2d64268db167ced3fcbb83d894bdb9e2fcdb26f2ea7e2)"}
{"level":"info","time":"2026-09-25T17:41:17Z","message":"GOOS: windows, GOVersion: go1.26.8, GoArch: amd64"}
{"level":"info","time":"2026-09-25T17:41:17Z","message":"Settings: map[ha-connections:1 logfile:C:\\Users\\jacob\\projects\\openchat\\tunnel.log protocol:quic url:http://localhost:3000]"}
{"level":"info","time":"2026-09-25T17:41:17Z","message":"cloudflared will not automatically update on Windows systems."}
{"level":"error","error":"lookup cfd-features.argotunnel.com: dnsquery: This operation returned because the timeout period expired.","time":"2026-09-25T17:41:28Z","message":"Failed to fetch features, default to disable"}
{"level":"info","time":"2026-09-25T17:41:28Z","message":"Generated Connector ID: 6881f0e5-8e35-44a2-b8f7-bbe7386a1e8a"}
{"level":"info","time":"2026-09-25T17:41:28Z","message":"Initial protocol quic"}
{"level":"info","time":"2026-09-25T17:41:28Z","message":"ICMP proxy will use 192.168.1.36 as source for IPv4"}
{"level":"info","time":"2026-09-25T17:41:28Z","message":"ICMP proxy will use fe80::2085:3fd2:8b2f:b805 in zone Wi-Fi as source for IPv6"}
{"level":"info","time":"2026-09-25T17:41:39Z","message":"cloudflared does not support loading the system root certificate pool on Windows. Please use --origin-ca-pool <PATH> to specify the path to the certificate pool"}
{"level":"info","time":"2026-09-25T17:41:39Z","message":"ICMP proxy will use 192.168.1.36 as source for IPv4"}
{"level":"info","time":"2026-09-25T17:41:39Z","message":"ICMP proxy will use fe80::2085:3fd2:8b2f:b805 in zone Wi-Fi as source for IPv6"}
{"level":"info","time":"2026-09-25T17:41:39Z","message":"Starting metrics server on 127.0.0.1:20241/metrics"}
{"level":"info","time":"2026-09-25T17:41:40Z","message":"+------------------------------------------------------------------------------------------------------------------------------------------------------------------+"}
{"level":"info","time":"2026-09-25T17:41:40Z","message":"|                                                                     CONNECTIVITY PRE-CHECKS                                                                      |"}
{"level":"info","time":"2026-09-25T17:41:40Z","message":"+------------------------------------------------------------------------------------------------------------------------------------------------------------------+"}
{"level":"info","time":"2026-09-25T17:41:40Z","message":"|  COMPONENT         TARGET                     STATUS  DETAILS                                                                                                    |"}
{"level":"info","time":"2026-09-25T17:41:40Z","message":"|  DNS Resolution    region1.v2.argotunnel.com  PASS    DNS Resolved successfully                                                                                  |"}
{"level":"info","time":"2026-09-25T17:41:40Z","message":"|  DNS Resolution    region2.v2.argotunnel.com  PASS    DNS Resolved successfully                                                                                  |"}
{"level":"info","time":"2026-09-25T17:41:40Z","message":"|  UDP Connectivity  region1.v2.argotunnel.com  FAIL    QUIC connection failed                                                                                     |"}
{"level":"info","time":"2026-09-25T17:41:40Z","message":"|  UDP Connectivity  region2.v2.argotunnel.com  FAIL    QUIC connection failed                                                                                     |"}
{"level":"info","time":"2026-09-25T17:41:40Z","message":"|  TCP Connectivity  region1.v2.argotunnel.com  FAIL    HTTP/2 connection is blocked or unreachable                                                                |"}
{"level":"info","time":"2026-09-25T17:41:40Z","message":"|  TCP Connectivity  region2.v2.argotunnel.com  FAIL    HTTP/2 connection is blocked or unreachable                                                                |"}
{"level":"info","time":"2026-09-25T17:41:40Z","message":"|  Cloudflare API    api.cloudflare.com:443     FAIL    API Connection failed                                                                                      |"}
{"level":"info","time":"2026-09-25T17:41:40Z","message":"|  ERROR: Allow outbound QUIC traffic on port 7844 or use HTTP2.                                                                                                   |"}
{"level":"info","time":"2026-09-25T17:41:40Z","message":"|  ERROR: Allow outbound QUIC traffic on port 7844 or use HTTP2.                                                                                                   |"}
{"level":"info","time":"2026-09-25T17:41:40Z","message":"|  ERROR: Allow outbound TCP on port 7844.                                                                                                                         |"}
{"level":"info","time":"2026-09-25T17:41:40Z","message":"|  ERROR: Allow outbound TCP on port 7844.                                                                                                                         |"}
{"level":"info","time":"2026-09-25T17:41:40Z","message":"|  ERROR: cloudflared will still run, but automatic software updates are unavailable. Ensure port 443 TCP to api.cloudflare.com is open if you want auto-updates.  |"}
{"level":"info","time":"2026-09-25T17:41:40Z","message":"|                                                                                                                                                                  |"}
{"level":"info","time":"2026-09-25T17:41:40Z","message":"|  SUMMARY: Environment has critical failures. cloudflared may not be able to establish a tunnel.                                                                  |"}
{"level":"info","time":"2026-09-25T17:41:40Z","message":"+------------------------------------------------------------------------------------------------------------------------------------------------------------------+"}
{"level":"info","run_id":"b2aeaa81-c882-4c6d-be54-8490cef5968b","component":"DNS Resolution","target":"region1.v2.argotunnel.com","status":"pass","details":"DNS Resolved successfully","time":"2026-09-25T17:41:40Z","message":"precheck"}
{"level":"info","run_id":"b2aeaa81-c882-4c6d-be54-8490cef5968b","component":"DNS Resolution","target":"region2.v2.argotunnel.com","status":"pass","details":"DNS Resolved successfully","time":"2026-09-25T17:41:40Z","message":"precheck"}
{"level":"info","run_id":"b2aeaa81-c882-4c6d-be54-8490cef5968b","component":"UDP Connectivity","target":"region1.v2.argotunnel.com","status":"fail","details":"QUIC connection failed","time":"2026-09-25T17:41:40Z","message":"precheck"}
{"level":"info","run_id":"b2aeaa81-c882-4c6d-be54-8490cef5968b","component":"UDP Connectivity","target":"region2.v2.argotunnel.com","status":"fail","details":"QUIC connection failed","time":"2026-09-25T17:41:40Z","message":"precheck"}
{"level":"info","run_id":"b2aeaa81-c882-4c6d-be54-8490cef5968b","component":"TCP Connectivity","target":"region1.v2.argotunnel.com","status":"fail","details":"HTTP/2 connection is blocked or unreachable","time":"2026-09-25T17:41:40Z","message":"precheck"}
{"level":"info","run_id":"b2aeaa81-c882-4c6d-be54-8490cef5968b","component":"TCP Connectivity","target":"region2.v2.argotunnel.com","status":"fail","details":"HTTP/2 connection is blocked or unreachable","time":"2026-09-25T17:41:40Z","message":"precheck"}
{"level":"info","run_id":"b2aeaa81-c882-4c6d-be54-8490cef5968b","component":"Cloudflare API","target":"api.cloudflare.com:443","status":"fail","details":"API Connection failed","time":"2026-09-25T17:41:40Z","message":"precheck"}
{"level":"info","run_id":"b2aeaa81-c882-4c6d-be54-8490cef5968b","hard_fail":true,"time":"2026-09-25T17:41:40Z","message":"precheck complete"}
{"level":"info","event":0,"ip":"198.41.192.77","connIndex":0,"time":"2026-09-25T17:41:51Z","message":"Tunnel connection curve preferences: [X25519MLKEM768 CurveID(65074) CurveP256]"}
{"level":"info","event":0,"connection":"e367b153-46d4-4c84-9147-a18044f217c9","connIndex":0,"location":"orn02","ip":"198.41.192.77","protocol":"quic","time":"2026-09-25T17:41:52Z","message":"Registered tunnel connection"}
